// Jest Snapshot v1, https://goo.gl/fbAQLP

exports[`render correctly 1`] = `
<span
  className="post-author"
>
  By 
  Madison Price
</span>
`;
