// Jest Snapshot v1, https://goo.gl/fbAQLP

exports[`render correctly 1`] = `
Array [
  <section
    className="add-post-form"
  >
    <div
      className="add-post"
    >
      <form>
        <div
          className="field"
        >
          <label
            htmlFor="title"
          >
            Title
          </label>
          <input
            data-testid="title"
            id="title"
            name="title"
            onChange={[Function]}
            value=""
            width={20}
          />
        </div>
        <div
          className="field"
        >
          <label
            htmlFor="content"
          >
            Content
          </label>
          <textarea
            data-testid="content"
            id="content"
            name="content"
            onChange={[Function]}
            value=""
          />
        </div>
        <div
          className="field"
        >
          <label
            htmlFor="users"
          >
            Author
          </label>
          <select
            data-testid="users"
            id="users"
            name="users"
            onChange={[Function]}
            value=""
          >
            <option
              value=""
            />
            <option
              value="0"
            >
              Tianna Jenkins
            </option>
            <option
              value="1"
            >
              Kevin Grant
            </option>
            <option
              value="2"
            >
              Madison Price
            </option>
          </select>
        </div>
        <div
          className="field"
        >
          <button
            disabled={true}
            onClick={[Function]}
            type="button"
          >
            Add Post
          </button>
        </div>
      </form>
    </div>
  </section>,
  <section
    className="posts-list"
  >
    <h2>
      Posts
    </h2>
    <article
      className="post-excerpt"
    >
      <h3>
        First test Post!
      </h3>
      <p
        className="post-content"
      >
        test!
      </p>
      <span
        className="post-author"
      >
        By 
        Kevin Grant
      </span>
      <span
        className="date"
      >
         
        <i>
          
        </i>
         
      </span>
      <p>
        <a
          href="/posts/1"
          onClick={[Function]}
        >
          See more
        </a>
      </p>
    </article>
    <article
      className="post-excerpt"
    >
      <h3>
        Second test Post
      </h3>
      <p
        className="post-content"
      >
        test
      </p>
      <span
        className="post-author"
      >
        By 
        Tianna Jenkins
      </span>
      <span
        className="date"
      >
         
        <i>
          
        </i>
         
      </span>
      <p>
        <a
          href="/posts/2"
          onClick={[Function]}
        >
          See more
        </a>
      </p>
    </article>
  </section>,
]
`;
