// Jest Snapshot v1, https://goo.gl/fbAQLP

exports[`renders correctly 1`] = `
<nav>
  <li>
    <a
      href="/"
      onClick={[Function]}
    >
      Home
    </a>
  </li>
  <li>
    <a
      href="/cats"
      onClick={[Function]}
    >
      Cats
    </a>
  </li>
</nav>
`;
